package goldens

type SomeOption func(*explicitImpl)

type SomeOptions interface {
}

type explicitImpl struct {
}

func makeExplicitImpl(opts ...SomeOption) *explicitImpl {
	res := &explicitImpl{}
	for _, opt := range opts {
		opt(res)
	}
	return res
}

func MakeSomeOptions(opts ...SomeOption) SomeOptions {
	return makeExplicitImpl(opts...)
}
